     VMA      LMA     Size Align Out     In      Symbol
       0        0 80200000     1 . = 0x80200000
80200000        0        0     1 __kernel_base = .
80200000 80200000      dae     4 .text
80200000 80200000        e     2         /tmp/kernel-310fb7.o:(.text.boot)
80200000 80200000        0     1                 
80200000 80200000        0     1                 
80200000 80200000        0     1                 $x.1
80200000 80200000        0     1                 
80200000 80200000        e     1                 boot
8020000e 8020000e        0     1                 
8020000e 8020000e        0     1                 
80200010 80200010      b70     4         /tmp/kernel-310fb7.o:(.text)
80200010 80200010        0     1                 
80200010 80200010        0     1                 
80200010 80200010        0     1                 $x.0
80200010 80200010        0     1                 
80200010 80200010        6     1                 sbi_call
80200014 80200014        0     1                 
80200016 80200016        0     1                 
80200016 80200016        0     1                 
80200016 80200016        0     1                 
80200016 80200016       14     1                 putchar
80200028 80200028        0     1                 
8020002a 8020002a        0     1                 
8020002a 8020002a        0     1                 
8020002a 8020002a        0     1                 
8020002a 8020002a       16     1                 getchar
8020003e 8020003e        0     1                 
80200040 80200040        0     1                 
80200040 80200040        0     1                 
80200040 80200040        0     1                 
80200040 80200040       16     1                 memset
80200044 80200044        0     1                 
80200044 80200044        0     1                 
80200046 80200046        0     1                 
80200046 80200046        0     1                 .LBB3_2
80200046 80200046        0     1                 
8020004a 8020004a        0     1                 
8020004a 8020004a        0     1                 
8020004e 8020004e        0     1                 
80200050 80200050        0     1                 
80200050 80200050        0     1                 
80200054 80200054        0     1                 .LBB3_3
80200054 80200054        0     1                 
80200054 80200054        0     1                 
80200056 80200056        0     1                 
80200056 80200056        0     1                 
80200056 80200056        0     1                 
80200056 80200056        0     1                 
80200056 80200056        0     1                 
80200056 80200056       44     1                 handle_trap
8020005c 8020005c        0     1                 
8020005c 8020005c        0     1                 
80200060 80200060        0     1                 
80200060 80200060        0     1                 
80200064 80200064        0     1                 
80200064 80200064        0     1                 
80200066 80200066        0     1                 
80200066 80200066        0     1                 
8020006a 8020006a        0     1                 
8020006a 8020006a        0     1                 
8020006e 8020006e        0     1                 
8020006e 8020006e        0     1                 
80200070 80200070        0     1                 
80200070 80200070        0     1                 
80200072 80200072        0     1                 
80200072 80200072        0     1                 
8020007a 8020007a        0     1                 
8020007a 8020007a        0     1                 
8020007e 8020007e        0     1                 .LBB4_2
8020007e 8020007e        0     1                 
8020007e 8020007e        0     1                 
80200082 80200082        0     1                 
80200098 80200098        0     1                 
80200098 80200098        0     1                 .LBB4_3
8020009a 8020009a        0     1                 
8020009a 8020009a        0     1                 
8020009a 8020009a        0     1                 
8020009a 8020009a        0     1                 
8020009a 8020009a        0     1                 
8020009a 8020009a       f6     1                 handle_syscall
802000a0 802000a0        0     1                 
802000be 802000be        0     1                 
802000c2 802000c2        0     1                 
802000c4 802000c4        0     1                 
802000c8 802000c8        0     1                 
802000ca 802000ca        0     1                 
802000ce 802000ce        0     1                 
802000ce 802000ce        0     1                 
802000d0 802000d0        0     1                 
802000d0 802000d0        0     1                 
802000e4 802000e4        0     1                 
802000e4 802000e4        0     1                 
802000e8 802000e8        0     1                 
802000e8 802000e8        0     1                 .LBB5_4
802000e8 802000e8        0     1                 
802000ea 802000ea        0     1                 
802000ea 802000ea        0     1                 
802000fe 802000fe        0     1                 
802000fe 802000fe        0     1                 
80200102 80200102        0     1                 .LBB5_5
80200102 80200102        0     1                 
80200102 80200102        0     1                 
80200118 80200118        0     1                 
8020011e 8020011e        0     1                 .LBB5_6
8020011e 8020011e        0     1                 
8020011e 8020011e        0     1                 
80200126 80200126        0     1                 
80200126 80200126        0     1                 
80200128 80200128        0     1                 
80200134 80200134        0     1                 
80200134 80200134        0     1                 
8020013a 8020013a        0     1                 
8020013c 8020013c        0     1                 
8020013e 8020013e        0     1                 
8020013e 8020013e        0     1                 
80200156 80200156        0     1                 
80200156 80200156        0     1                 .LBB5_7
80200158 80200158        0     1                 .LBB5_8
80200158 80200158        0     1                 
80200158 80200158        0     1                 
8020015c 8020015c        0     1                 
8020015c 8020015c        0     1                 
8020016e 8020016e        0     1                 .LBB5_9
8020016e 8020016e        0     1                 
8020016e 8020016e        0     1                 
80200172 80200172        0     1                 
80200176 80200176        0     1                 .LBB5_10
80200176 80200176        0     1                 
80200176 80200176        0     1                 
8020017a 8020017a        0     1                 
8020018e 8020018e        0     1                 
8020018e 8020018e        0     1                 .LBB5_11
80200190 80200190        0     1                 
80200190 80200190        0     1                 
80200190 80200190        0     1                 
80200190 80200190        0     1                 
80200190 80200190        0     1                 
80200190 80200190      1d2     1                 yield
8020019c 8020019c        0     1                 
802001a0 802001a0        0     1                 
802001a0 802001a0        0     1                 
802001ae 802001ae        0     1                 
802001c2 802001c2        0     1                 
802001c2 802001c2        0     1                 
802001c6 802001c6        0     1                 
802001c6 802001c6        0     1                 
802001c8 802001c8        0     1                 
802001c8 802001c8        0     1                 
802001cc 802001cc        0     1                 
802001cc 802001cc        0     1                 
802001ce 802001ce        0     1                 
802001d2 802001d2        0     1                 .LBB6_2
802001d2 802001d2        0     1                 
802001d2 802001d2        0     1                 
802001d6 802001d6        0     1                 
802001e2 802001e2        0     1                 
802001ee 802001ee        0     1                 
802001f2 802001f2        0     1                 
802001fc 802001fc        0     1                 
802001fc 802001fc        0     1                 
802001fe 802001fe        0     1                 
80200202 80200202        0     1                 .LBB6_4
80200202 80200202        0     1                 
80200202 80200202        0     1                 
80200206 80200206        0     1                 
80200212 80200212        0     1                 
8020022a 8020022a        0     1                 
8020022e 8020022e        0     1                 
8020022e 8020022e        0     1                 
80200230 80200230        0     1                 
80200234 80200234        0     1                 .LBB6_6
80200234 80200234        0     1                 
80200234 80200234        0     1                 
80200238 80200238        0     1                 
80200244 80200244        0     1                 
80200250 80200250        0     1                 
80200254 80200254        0     1                 
8020025e 8020025e        0     1                 
8020025e 8020025e        0     1                 
80200260 80200260        0     1                 
80200264 80200264        0     1                 .LBB6_8
80200264 80200264        0     1                 
80200264 80200264        0     1                 
80200268 80200268        0     1                 
80200274 80200274        0     1                 
8020028c 8020028c        0     1                 
80200290 80200290        0     1                 
80200290 80200290        0     1                 
80200292 80200292        0     1                 
80200296 80200296        0     1                 .LBB6_10
80200296 80200296        0     1                 
80200296 80200296        0     1                 
8020029a 8020029a        0     1                 
802002a6 802002a6        0     1                 
802002b2 802002b2        0     1                 
802002b6 802002b6        0     1                 
802002c0 802002c0        0     1                 
802002c0 802002c0        0     1                 
802002c2 802002c2        0     1                 
802002c6 802002c6        0     1                 .LBB6_12
802002c6 802002c6        0     1                 
802002c6 802002c6        0     1                 
802002ca 802002ca        0     1                 
802002d6 802002d6        0     1                 
802002ee 802002ee        0     1                 
802002f2 802002f2        0     1                 
802002f2 802002f2        0     1                 
802002f4 802002f4        0     1                 
802002f8 802002f8        0     1                 .LBB6_14
802002f8 802002f8        0     1                 
802002f8 802002f8        0     1                 
802002fa 802002fa        0     1                 
80200306 80200306        0     1                 
80200312 80200312        0     1                 
80200316 80200316        0     1                 
80200320 80200320        0     1                 
80200320 80200320        0     1                 
80200322 80200322        0     1                 
80200326 80200326        0     1                 .LBB6_16
80200326 80200326        0     1                 
80200326 80200326        0     1                 
80200328 80200328        0     1                 .LBB6_17
80200328 80200328        0     1                 
80200328 80200328        0     1                 
8020032c 8020032c        0     1                 
8020032e 8020032e        0     1                 
80200334 80200334        0     1                 
8020033a 8020033a        0     1                 
8020033c 8020033c        0     1                 
8020034c 8020034c        0     1                 
80200354 80200354        0     1                 
80200354 80200354        0     1                 
80200356 80200356        0     1                 
80200356 80200356        0     1                 
8020035a 8020035a        0     1                 
8020035e 8020035e        0     1                 
80200360 80200360        0     1                 .LBB6_19
80200360 80200360        0     1                 
80200360 80200360        0     1                 
80200362 80200362        0     1                 
80200362 80200362        0     1                 
80200362 80200362        0     1                 
80200362 80200362        0     1                 
80200362 80200362        0     1                 
80200362 80200362       58     1                 alloc_pages
80200366 80200366        0     1                 
8020036e 8020036e        0     1                 
8020036e 8020036e        0     1                 
80200372 80200372        0     1                 
80200376 80200376        0     1                 
80200376 80200376        0     1                 
8020037e 8020037e        0     1                 
80200382 80200382        0     1                 
80200386 80200386        0     1                 
80200392 80200392        0     1                 
8020039e 8020039e        0     1                 
8020039e 8020039e        0     1                 .LBB7_2
802003a0 802003a0        0     1                 .LBB7_3
802003a0 802003a0        0     1                 
802003a0 802003a0        0     1                 
802003a2 802003a2        0     1                 
802003a4 802003a4        0     1                 
802003a4 802003a4        0     1                 .LBB7_5
802003a4 802003a4        0     1                 
802003a8 802003a8        0     1                 
802003a8 802003a8        0     1                 
802003ac 802003ac        0     1                 
802003ae 802003ae        0     1                 
802003ae 802003ae        0     1                 
802003b2 802003b2        0     1                 .LBB7_6
802003b2 802003b2        0     1                 
802003b2 802003b2        0     1                 
802003b6 802003b6        0     1                 
802003ba 802003ba        0     1                 
802003ba 802003ba        0     1                 
802003ba 802003ba        0     1                 
802003ba 802003ba        0     1                 
802003ba 802003ba        0     1                 
802003ba 802003ba       cc     1                 map_page
802003c0 802003c0        0     1                 
802003c0 802003c0        0     1                 
802003c4 802003c4        0     1                 
802003c8 802003c8        0     1                 
802003d8 802003d8        0     1                 
802003da 802003da        0     1                 
802003de 802003de        0     1                 
802003de 802003de        0     1                 .LBB8_2
802003e0 802003e0        0     1                 .LBB8_3
802003e0 802003e0        0     1                 
802003e0 802003e0        0     1                 
802003e4 802003e4        0     1                 
802003e6 802003e6        0     1                 
802003e8 802003e8        0     1                 
802003ec 802003ec        0     1                 
802003fa 802003fa        0     1                 
802003fe 802003fe        0     1                 
80200400 80200400        0     1                 
80200400 80200400        0     1                 .LBB8_5
80200402 80200402        0     1                 .LBB8_6
80200402 80200402        0     1                 
80200402 80200402        0     1                 
80200410 80200410        0     1                 
80200414 80200414        0     1                 
80200416 80200416        0     1                 
80200416 80200416        0     1                 
8020041e 8020041e        0     1                 
8020041e 8020041e        0     1                 
80200420 80200420        0     1                 
80200422 80200422        0     1                 
8020042a 8020042a        0     1                 
8020042e 8020042e        0     1                 
80200432 80200432        0     1                 
80200436 80200436        0     1                 
80200446 80200446        0     1                 
80200448 80200448        0     1                 
80200448 80200448        0     1                 .LBB8_9
8020044a 8020044a        0     1                 .LBB8_10
8020044a 8020044a        0     1                 
8020044a 8020044a        0     1                 
8020044c 8020044c        0     1                 
8020044c 8020044c        0     1                 .LBB8_11
8020044c 8020044c        0     1                 
80200450 80200450        0     1                 
80200450 80200450        0     1                 
80200454 80200454        0     1                 
80200456 80200456        0     1                 
80200456 80200456        0     1                 
8020045a 8020045a        0     1                 
8020045a 8020045a        0     1                 
80200460 80200460        0     1                 
80200464 80200464        0     1                 
80200468 80200468        0     1                 .LBB8_13
80200468 80200468        0     1                 
80200468 80200468        0     1                 
8020046c 8020046c        0     1                 
8020046c 8020046c        0     1                 
8020046e 8020046e        0     1                 
8020046e 8020046e        0     1                 
80200474 80200474        0     1                 
80200476 80200476        0     1                 
80200476 80200476        0     1                 
8020047a 8020047a        0     1                 
8020047e 8020047e        0     1                 
8020047e 8020047e        0     1                 
80200482 80200482        0     1                 
80200486 80200486        0     1                 
80200486 80200486        0     1                 
80200486 80200486        0     1                 
80200486 80200486        0     1                 
80200486 80200486        0     1                 
80200486 80200486       46     1                 switch_context
802004cc 802004cc        0     1                 
802004cc 802004cc        0     1                 
802004cc 802004cc        0     1                 
802004cc 802004cc       14     1                 user_entry
802004d4 802004d4        0     1                 
802004e0 802004e0        0     1                 
802004e0 802004e0        0     1                 
802004e0 802004e0        0     1                 
802004e0 802004e0      290     1                 create_process
802004fc 802004fc        0     1                 
80200508 80200508        0     1                 
80200508 80200508        0     1                 
8020050a 8020050a        0     1                 
8020050a 8020050a        0     1                 
8020050c 8020050c        0     1                 
8020050c 8020050c        0     1                 
80200512 80200512        0     1                 
80200514 80200514        0     1                 
80200514 80200514        0     1                 
80200522 80200522        0     1                 
80200524 80200524        0     1                 
80200524 80200524        0     1                 
8020052a 8020052a        0     1                 
8020052c 8020052c        0     1                 
8020052c 8020052c        0     1                 
8020053a 8020053a        0     1                 
8020053c 8020053c        0     1                 
8020053c 8020053c        0     1                 
80200542 80200542        0     1                 
80200544 80200544        0     1                 
80200544 80200544        0     1                 
80200552 80200552        0     1                 
80200554 80200554        0     1                 
80200554 80200554        0     1                 
8020055a 8020055a        0     1                 
8020055c 8020055c        0     1                 
8020055c 8020055c        0     1                 
80200572 80200572        0     1                 
80200572 80200572        0     1                 .LBB11_9
80200574 80200574        0     1                 .LBB11_10
80200574 80200574        0     1                 
80200574 80200574        0     1                 
80200578 80200578        0     1                 .LBB11_11
80200578 80200578        0     1                 
8020057c 8020057c        0     1                 .LBB11_12
8020057c 8020057c        0     1                 
80200580 80200580        0     1                 .LBB11_13
80200580 80200580        0     1                 
80200584 80200584        0     1                 .LBB11_14
80200584 80200584        0     1                 
80200588 80200588        0     1                 .LBB11_15
80200588 80200588        0     1                 
8020058c 8020058c        0     1                 .LBB11_16
8020058c 8020058c        0     1                 
80200590 80200590        0     1                 .LBB11_17
80200590 80200590        0     1                 
80200592 80200592        0     1                 .LBB11_18
80200592 80200592        0     1                 
80200592 80200592        0     1                 
802005a8 802005a8        0     1                 
802005a8 802005a8        0     1                 
802005d4 802005d4        0     1                 
802005d4 802005d4        0     1                 
802005d8 802005d8        0     1                 
802005d8 802005d8        0     1                 
802005e0 802005e0        0     1                 
802005e0 802005e0        0     1                 
802005ea 802005ea        0     1                 
802005ea 802005ea        0     1                 
802005f0 802005f0        0     1                 
802005f8 802005f8        0     1                 
802005f8 802005f8        0     1                 
802005fc 802005fc        0     1                 
802005fc 802005fc        0     1                 
80200600 80200600        0     1                 
80200600 80200600        0     1                 
80200616 80200616        0     1                 
80200616 80200616        0     1                 .LBB11_20
80200618 80200618        0     1                 .LBB11_21
80200618 80200618        0     1                 
80200618 80200618        0     1                 
8020061c 8020061c        0     1                 
8020061e 8020061e        0     1                 
80200620 80200620        0     1                 
80200620 80200620        0     1                 .LBB11_22
80200620 80200620        0     1                 
80200624 80200624        0     1                 
80200624 80200624        0     1                 
8020062a 8020062a        0     1                 
8020062a 8020062a        0     1                 
8020062e 8020062e        0     1                 
8020062e 8020062e        0     1                 
80200642 80200642        0     1                 
80200644 80200644        0     1                 
80200644 80200644        0     1                 .LBB11_25
80200644 80200644        0     1                 
8020064e 8020064e        0     1                 
8020064e 8020064e        0     1                 
80200650 80200650        0     1                 
80200654 80200654        0     1                 .LBB11_26
80200654 80200654        0     1                 
80200654 80200654        0     1                 
80200658 80200658        0     1                 
80200670 80200670        0     1                 
80200670 80200670        0     1                 .LBB11_28
80200670 80200670        0     1                 
80200674 80200674        0     1                 
80200678 80200678        0     1                 
80200678 80200678        0     1                 
8020067c 8020067c        0     1                 
80200684 80200684        0     1                 
80200684 80200684        0     1                 
80200686 80200686        0     1                 
8020068a 8020068a        0     1                 .LBB11_29
8020068a 8020068a        0     1                 
8020068a 8020068a        0     1                 
8020068e 8020068e        0     1                 
8020068e 8020068e        0     1                 
8020069a 8020069a        0     1                 
8020069c 8020069c        0     1                 
8020069c 8020069c        0     1                 .LBB11_31
8020069c 8020069c        0     1                 
802006a0 802006a0        0     1                 
802006a0 802006a0        0     1                 
802006a6 802006a6        0     1                 
802006a6 802006a6        0     1                 
802006aa 802006aa        0     1                 
802006aa 802006aa        0     1                 
802006ae 802006ae        0     1                 
802006ae 802006ae        0     1                 
802006b2 802006b2        0     1                 
802006b2 802006b2        0     1                 
802006b6 802006b6        0     1                 .LBB11_34
802006b6 802006b6        0     1                 
802006b6 802006b6        0     1                 
802006ba 802006ba        0     1                 
802006be 802006be        0     1                 
802006c0 802006c0        0     1                 
802006c0 802006c0        0     1                 
802006c8 802006c8        0     1                 
802006c8 802006c8        0     1                 
802006ca 802006ca        0     1                 
802006cc 802006cc        0     1                 
802006d4 802006d4        0     1                 
802006d8 802006d8        0     1                 
802006dc 802006dc        0     1                 
802006e0 802006e0        0     1                 
802006f2 802006f2        0     1                 
802006f2 802006f2        0     1                 .LBB11_37
802006f4 802006f4        0     1                 .LBB11_38
802006f4 802006f4        0     1                 
802006f4 802006f4        0     1                 
8020070a 8020070a        0     1                 
8020070a 8020070a        0     1                 .LBB11_39
8020070c 8020070c        0     1                 .LBB11_40
8020070c 8020070c        0     1                 
8020070c 8020070c        0     1                 
8020070e 8020070e        0     1                 
8020070e 8020070e        0     1                 .LBB11_41
8020070e 8020070e        0     1                 
80200712 80200712        0     1                 
80200712 80200712        0     1                 
80200716 80200716        0     1                 
80200718 80200718        0     1                 
80200718 80200718        0     1                 
8020071c 8020071c        0     1                 
8020071c 8020071c        0     1                 
8020071e 8020071e        0     1                 
80200720 80200720        0     1                 
80200724 80200724        0     1                 
80200728 80200728        0     1                 .LBB11_43
80200728 80200728        0     1                 
80200728 80200728        0     1                 
80200732 80200732        0     1                 
80200732 80200732        0     1                 
80200736 80200736        0     1                 
80200736 80200736        0     1                 
8020073e 8020073e        0     1                 
80200740 80200740        0     1                 
80200740 80200740        0     1                 
80200742 80200742        0     1                 
80200748 80200748        0     1                 
80200748 80200748        0     1                 
8020074c 8020074c        0     1                 
8020074e 8020074e        0     1                 
8020075a 8020075a        0     1                 
8020075a 8020075a        0     1                 
8020075c 8020075c        0     1                 
8020076c 8020076c        0     1                 
80200770 80200770        0     1                 
80200770 80200770        0     1                 
80200770 80200770        0     1                 
80200770 80200770        0     1                 
80200770 80200770        0     1                 
80200770 80200770       10     1                 delay
80200778 80200778        0     1                 .LBB12_1
80200778 80200778        0     1                 
80200778 80200778        0     1                 
8020077a 8020077a        0     1                 
8020077a 8020077a        0     1                 
8020077c 8020077c        0     1                 
8020077c 8020077c        0     1                 
8020077e 8020077e        0     1                 
8020077e 8020077e        0     1                 
80200780 80200780        0     1                 
80200780 80200780        0     1                 
80200780 80200780        0     1                 
80200780 80200780        0     1                 
80200780 80200780        0     1                 
80200780 80200780       3a     1                 proc_a_entry
80200786 80200786        0     1                 
80200790 80200790        0     1                 
80200790 80200790        0     1                 
80200798 80200798        0     1                 .LBB13_1
80200798 80200798        0     1                 
80200798 80200798        0     1                 
802007ae 802007ae        0     1                 
802007ae 802007ae        0     1                 
802007b0 802007b0        0     1                 
802007b0 802007b0        0     1                 .LBB13_2
802007b0 802007b0        0     1                 
802007b2 802007b2        0     1                 
802007b2 802007b2        0     1                 
802007b4 802007b4        0     1                 
802007b4 802007b4        0     1                 
802007b6 802007b6        0     1                 
802007b6 802007b6        0     1                 
802007b8 802007b8        0     1                 
802007b8 802007b8        0     1                 
802007ba 802007ba        0     1                 
802007ba 802007ba        0     1                 
802007ba 802007ba        0     1                 
802007ba 802007ba        0     1                 
802007ba 802007ba        0     1                 
802007ba 802007ba       3a     1                 proc_b_entry
802007c0 802007c0        0     1                 
802007ca 802007ca        0     1                 
802007ca 802007ca        0     1                 
802007d2 802007d2        0     1                 .LBB14_1
802007d2 802007d2        0     1                 
802007d2 802007d2        0     1                 
802007e8 802007e8        0     1                 
802007e8 802007e8        0     1                 
802007ea 802007ea        0     1                 
802007ea 802007ea        0     1                 .LBB14_2
802007ea 802007ea        0     1                 
802007ec 802007ec        0     1                 
802007ec 802007ec        0     1                 
802007ee 802007ee        0     1                 
802007ee 802007ee        0     1                 
802007f0 802007f0        0     1                 
802007f0 802007f0        0     1                 
802007f2 802007f2        0     1                 
802007f2 802007f2        0     1                 
802007f4 802007f4        0     1                 
802007f4 802007f4        0     1                 
802007f4 802007f4        0     1                 
802007f4 802007f4        0     1                 
802007f4 802007f4        0     1                 
802007f4 802007f4        a     1                 virtio_reg_read32
802007fa 802007fa        0     1                 
802007fa 802007fa        0     1                 
802007fc 802007fc        0     1                 
802007fe 802007fe        0     1                 
802007fe 802007fe        0     1                 
802007fe 802007fe        0     1                 
802007fe 802007fe        c     1                 virtio_reg_read64
80200802 80200802        0     1                 
80200804 80200804        0     1                 
80200804 80200804        0     1                 
80200808 80200808        0     1                 
8020080a 8020080a        0     1                 
8020080a 8020080a        0     1                 
8020080a 8020080a        0     1                 
8020080a 8020080a        a     1                 virtio_reg_write32
80200810 80200810        0     1                 
80200810 80200810        0     1                 
80200812 80200812        0     1                 
80200814 80200814        0     1                 
80200814 80200814        0     1                 
80200814 80200814        0     1                 
80200814 80200814        e     1                 virtio_reg_fetch_and_or32
8020081a 8020081a        0     1                 
8020081a 8020081a        0     1                 
8020081c 8020081c        0     1                 
8020081e 8020081e        0     1                 
8020081e 8020081e        0     1                 
80200820 80200820        0     1                 
80200822 80200822        0     1                 
80200822 80200822        0     1                 
80200822 80200822        0     1                 
80200822 80200822      186     1                 virtio_blk_init
8020082c 8020082c        0     1                 
8020082c 8020082c        0     1                 
80200836 80200836        0     1                 
8020083a 8020083a        0     1                 
8020083a 8020083a        0     1                 
8020083e 8020083e        0     1                 
80200842 80200842        0     1                 
80200846 80200846        0     1                 
80200846 80200846        0     1                 
8020084a 8020084a        0     1                 
8020084e 8020084e        0     1                 
8020084e 8020084e        0     1                 
80200852 80200852        0     1                 
80200852 80200852        0     1                 
80200854 80200854        0     1                 
80200858 80200858        0     1                 
80200858 80200858        0     1                 
8020085a 8020085a        0     1                 
8020085a 8020085a        0     1                 
8020085c 8020085c        0     1                 
80200860 80200860        0     1                 
80200860 80200860        0     1                 
80200864 80200864        0     1                 
80200864 80200864        0     1                 
80200866 80200866        0     1                 
80200866 80200866        0     1                 
8020086e 8020086e        0     1                 
8020086e 8020086e        0     1                 
80200870 80200870        0     1                 
80200872 80200872        0     1                 
8020087a 8020087a        0     1                 
8020087e 8020087e        0     1                 
80200882 80200882        0     1                 
80200886 80200886        0     1                 
80200898 80200898        0     1                 
80200898 80200898        0     1                 .LBB19_5
8020089a 8020089a        0     1                 .LBB19_6
8020089a 8020089a        0     1                 
8020089a 8020089a        0     1                 
802008b0 802008b0        0     1                 
802008b0 802008b0        0     1                 .LBB19_7
802008b2 802008b2        0     1                 .LBB19_8
802008b2 802008b2        0     1                 
802008c8 802008c8        0     1                 
802008c8 802008c8        0     1                 .LBB19_9
802008ca 802008ca        0     1                 .LBB19_10
802008ca 802008ca        0     1                 
802008e0 802008e0        0     1                 
802008e0 802008e0        0     1                 .LBB19_11
802008e2 802008e2        0     1                 .LBB19_12
802008e2 802008e2        0     1                 
802008e4 802008e4        0     1                 .LBB19_13
802008e4 802008e4        0     1                 
802008e4 802008e4        0     1                 
802008e8 802008e8        0     1                 
802008e8 802008e8        0     1                 
802008ee 802008ee        0     1                 
802008ee 802008ee        0     1                 
802008f2 802008f2        0     1                 
802008f2 802008f2        0     1                 
802008f8 802008f8        0     1                 
80200900 80200900        0     1                 
80200902 80200902        0     1                 
8020090a 8020090a        0     1                 
8020090a 8020090a        0     1                 
80200910 80200910        0     1                 
80200910 80200910        0     1                 
80200912 80200912        0     1                 
80200916 80200916        0     1                 
80200916 80200916        0     1                 
80200918 80200918        0     1                 
80200918 80200918        0     1                 
80200922 80200922        0     1                 
80200922 80200922        0     1                 
80200924 80200924        0     1                 
80200924 80200924        0     1                 
8020092c 8020092c        0     1                 
80200936 80200936        0     1                 
80200942 80200942        0     1                 
8020094c 8020094c        0     1                 
8020094c 8020094c        0     1                 
80200954 80200954        0     1                 
80200954 80200954        0     1                 
80200958 80200958        0     1                 
80200960 80200960        0     1                 
80200964 80200964        0     1                 
80200968 80200968        0     1                 
80200968 80200968        0     1                 
8020096c 8020096c        0     1                 
8020097e 8020097e        0     1                 
8020097e 8020097e        0     1                 .LBB19_16
80200980 80200980        0     1                 .LBB19_17
80200980 80200980        0     1                 
80200980 80200980        0     1                 
80200982 80200982        0     1                 
80200982 80200982        0     1                 .LBB19_18
80200982 80200982        0     1                 
80200986 80200986        0     1                 
80200986 80200986        0     1                 
8020098a 8020098a        0     1                 
8020098c 8020098c        0     1                 
8020098c 8020098c        0     1                 
80200990 80200990        0     1                 
80200990 80200990        0     1                 
80200998 80200998        0     1                 
802009a4 802009a4        0     1                 
802009a8 802009a8        0     1                 
802009a8 802009a8        0     1                 
802009a8 802009a8        0     1                 
802009a8 802009a8        0     1                 
802009a8 802009a8        0     1                 
802009a8 802009a8       72     1                 virtq_init
802009ac 802009ac        0     1                 
802009ac 802009ac        0     1                 
802009b4 802009b4        0     1                 
802009b4 802009b4        0     1                 
802009b6 802009b6        0     1                 
802009b8 802009b8        0     1                 
802009c0 802009c0        0     1                 
802009c4 802009c4        0     1                 
802009c8 802009c8        0     1                 
802009cc 802009cc        0     1                 
802009d4 802009d4        0     1                 
802009de 802009de        0     1                 
802009de 802009de        0     1                 .LBB20_2
802009e0 802009e0        0     1                 .LBB20_3
802009e0 802009e0        0     1                 
802009e0 802009e0        0     1                 
802009e2 802009e2        0     1                 
802009e2 802009e2        0     1                 .LBB20_4
802009e2 802009e2        0     1                 
802009e6 802009e6        0     1                 
802009e6 802009e6        0     1                 
802009ea 802009ea        0     1                 
802009ec 802009ec        0     1                 
802009ec 802009ec        0     1                 
802009f0 802009f0        0     1                 
802009f0 802009f0        0     1                 
802009f6 802009f6        0     1                 
802009fc 802009fc        0     1                 
802009fe 802009fe        0     1                 
80200a06 80200a06        0     1                 
80200a06 80200a06        0     1                 
80200a0a 80200a0a        0     1                 
80200a0a 80200a0a        0     1                 
80200a0c 80200a0c        0     1                 
80200a10 80200a10        0     1                 
80200a10 80200a10        0     1                 
80200a12 80200a12        0     1                 
80200a14 80200a14        0     1                 
80200a16 80200a16        0     1                 
80200a1a 80200a1a        0     1                 
80200a1a 80200a1a        0     1                 
80200a1a 80200a1a        0     1                 
80200a1a 80200a1a        0     1                 
80200a1a 80200a1a        0     1                 
80200a1a 80200a1a       36     1                 virtq_kick
80200a24 80200a24        0     1                 
80200a2a 80200a2a        0     1                 
80200a2c 80200a2c        0     1                 
80200a2e 80200a2e        0     1                 
80200a32 80200a32        0     1                 
80200a38 80200a38        0     1                 
80200a3c 80200a3c        0     1                 
80200a3e 80200a3e        0     1                 
80200a3e 80200a3e        0     1                 
80200a42 80200a42        0     1                 
80200a42 80200a42        0     1                 
80200a44 80200a44        0     1                 
80200a4e 80200a4e        0     1                 
80200a50 80200a50        0     1                 
80200a50 80200a50        0     1                 
80200a50 80200a50        0     1                 
80200a50 80200a50       1a     1                 virtq_is_busy
80200a56 80200a56        0     1                 
80200a58 80200a58        0     1                 
80200a58 80200a58        0     1                 
80200a5a 80200a5a        0     1                 
80200a5e 80200a5e        0     1                 
80200a62 80200a62        0     1                 
80200a68 80200a68        0     1                 
80200a6a 80200a6a        0     1                 
80200a6a 80200a6a        0     1                 
80200a6a 80200a6a        0     1                 
80200a6a 80200a6a       7e     1                 kernel_main
80200a6e 80200a6e        0     1                 
80200a6e 80200a6e        0     1                 
80200a76 80200a76        0     1                 
80200a82 80200a82        0     1                 
80200a84 80200a84        0     1                 
80200a84 80200a84        0     1                 .LBB23_1
80200a84 80200a84        0     1                 
80200a88 80200a88        0     1                 
80200a88 80200a88        0     1                 
80200a8c 80200a8c        0     1                 
80200a8e 80200a8e        0     1                 
80200a8e 80200a8e        0     1                 
80200a92 80200a92        0     1                 .LBB23_2
80200a92 80200a92        0     1                 
80200a92 80200a92        0     1                 
80200a9a 80200a9a        0     1                 
80200a9e 80200a9e        0     1                 
80200a9e 80200a9e        0     1                 
80200aa0 80200aa0        0     1                 
80200aa0 80200aa0        0     1                 
80200aa6 80200aa6        0     1                 
80200aa6 80200aa6        0     1                 
80200aae 80200aae        0     1                 
80200ab2 80200ab2        0     1                 
80200aba 80200aba        0     1                 
80200acc 80200acc        0     1                 
80200acc 80200acc        0     1                 
80200ad0 80200ad0        0     1                 
80200ad0 80200ad0        0     1                 
80200ae6 80200ae6        0     1                 
80200ae6 80200ae6        0     1                 .LBB23_3
80200ae8 80200ae8        0     1                 
80200ae8 80200ae8        0     1                 
80200ae8 80200ae8        0     1                 
80200ae8 80200ae8        0     1                 
80200ae8 80200ae8        0     1                 
80200ae8 80200ae8       98     1                 kernel_entry
80200b80 80200b80        0     1                 
80200b80 80200b80        0     1                 
80200b80 80200b80      22e     2         /tmp/common-3f7683.o:(.text)
80200b80 80200b80        0     1                 
80200b80 80200b80        0     1                 
80200b80 80200b80        0     1                 $x.0
80200b80 80200b80        0     1                 
80200b80 80200b80       1c     1                 memcpy
80200b84 80200b84        0     1                 
80200b84 80200b84        0     1                 
80200b86 80200b86        0     1                 
80200b86 80200b86        0     1                 .LBB0_2
80200b86 80200b86        0     1                 
80200b8a 80200b8a        0     1                 
80200b8c 80200b8c        0     1                 
80200b90 80200b90        0     1                 
80200b90 80200b90        0     1                 
80200b94 80200b94        0     1                 
80200b96 80200b96        0     1                 
80200b96 80200b96        0     1                 
80200b9a 80200b9a        0     1                 .LBB0_3
80200b9a 80200b9a        0     1                 
80200b9a 80200b9a        0     1                 
80200b9c 80200b9c        0     1                 
80200b9c 80200b9c        0     1                 
80200b9c 80200b9c        0     1                 
80200b9c 80200b9c        0     1                 
80200b9c 80200b9c        0     1                 
80200b9c 80200b9c       24     1                 strcpy
80200ba2 80200ba2        0     1                 
80200ba6 80200ba6        0     1                 
80200ba6 80200ba6        0     1                 
80200ba8 80200ba8        0     1                 
80200ba8 80200ba8        0     1                 .LBB1_2
80200ba8 80200ba8        0     1                 
80200bac 80200bac        0     1                 
80200bb0 80200bb0        0     1                 
80200bb4 80200bb4        0     1                 
80200bb4 80200bb4        0     1                 
80200bb6 80200bb6        0     1                 
80200bb6 80200bb6        0     1                 
80200bb8 80200bb8        0     1                 
80200bba 80200bba        0     1                 .LBB1_3
80200bba 80200bba        0     1                 
80200bba 80200bba        0     1                 
80200bbe 80200bbe        0     1                 
80200bc0 80200bc0        0     1                 
80200bc0 80200bc0        0     1                 
80200bc0 80200bc0        0     1                 
80200bc0 80200bc0        0     1                 
80200bc0 80200bc0        0     1                 
80200bc0 80200bc0       2e     1                 strcmp
80200bc4 80200bc4        0     1                 
80200bc6 80200bc6        0     1                 
80200bc8 80200bc8        0     1                 
80200bc8 80200bc8        0     1                 .LBB2_2
80200bc8 80200bc8        0     1                 
80200bd0 80200bd0        0     1                 
80200bd4 80200bd4        0     1                 
80200bd4 80200bd4        0     1                 
80200bd8 80200bd8        0     1                 
80200bda 80200bda        0     1                 
80200bdc 80200bdc        0     1                 
80200bde 80200bde        0     1                 .LBB2_4
80200bde 80200bde        0     1                 
80200be4 80200be4        0     1                 .LBB2_5
80200be4 80200be4        0     1                 
80200be4 80200be4        0     1                 
80200be6 80200be6        0     1                 .LBB2_6
80200be6 80200be6        0     1                 
80200be6 80200be6        0     1                 
80200bea 80200bea        0     1                 
80200bea 80200bea        0     1                 
80200bec 80200bec        0     1                 
80200bee 80200bee        0     1                 
80200bee 80200bee        0     1                 
80200bee 80200bee        0     1                 
80200bee 80200bee        0     1                 
80200bee 80200bee        0     1                 
80200bee 80200bee      1c0     1                 printf
80200c0c 80200c0c        0     1                 
80200c1c 80200c1c        0     1                 
80200c44 80200c44        0     1                 .LBB3_1
80200c44 80200c44        0     1                 
80200c48 80200c48        0     1                 .LBB3_2
80200c48 80200c48        0     1                 
80200c4a 80200c4a        0     1                 .LBB3_3
80200c4a 80200c4a        0     1                 
80200c4e 80200c4e        0     1                 
80200c56 80200c56        0     1                 .LBB3_5
80200c56 80200c56        0     1                 
80200c5a 80200c5a        0     1                 
80200c5a 80200c5a        0     1                 
80200c5c 80200c5c        0     1                 
80200c5e 80200c5e        0     1                 .LBB3_6
80200c5e 80200c5e        0     1                 
80200c62 80200c62        0     1                 
80200c64 80200c64        0     1                 
80200c74 80200c74        0     1                 
80200c74 80200c74        0     1                 
80200c80 80200c80        0     1                 
80200c80 80200c80        0     1                 
80200c84 80200c84        0     1                 
80200c84 80200c84        0     1                 
80200c86 80200c86        0     1                 
80200c8c 80200c8c        0     1                 .LBB3_11
80200c8c 80200c8c        0     1                 
80200c8c 80200c8c        0     1                 
80200c94 80200c94        0     1                 
80200c94 80200c94        0     1                 
80200c9e 80200c9e        0     1                 
80200c9e 80200c9e        0     1                 
80200ca2 80200ca2        0     1                 
80200ca2 80200ca2        0     1                 
80200ca4 80200ca4        0     1                 
80200ca8 80200ca8        0     1                 
80200cac 80200cac        0     1                 
80200cac 80200cac        0     1                 
80200cb2 80200cb2        0     1                 
80200cb2 80200cb2        0     1                 
80200cb4 80200cb4        0     1                 
80200cb8 80200cb8        0     1                 
80200cbc 80200cbc        0     1                 
80200cbc 80200cbc        0     1                 
80200cc2 80200cc2        0     1                 
80200cc2 80200cc2        0     1                 
80200cc4 80200cc4        0     1                 
80200cc8 80200cc8        0     1                 
80200ccc 80200ccc        0     1                 
80200ccc 80200ccc        0     1                 
80200cd2 80200cd2        0     1                 
80200cd2 80200cd2        0     1                 
80200cd4 80200cd4        0     1                 
80200cd8 80200cd8        0     1                 
80200cdc 80200cdc        0     1                 
80200cdc 80200cdc        0     1                 
80200ce2 80200ce2        0     1                 
80200ce2 80200ce2        0     1                 
80200ce4 80200ce4        0     1                 
80200ce8 80200ce8        0     1                 
80200cec 80200cec        0     1                 
80200cec 80200cec        0     1                 
80200cf2 80200cf2        0     1                 
80200cf2 80200cf2        0     1                 
80200cf4 80200cf4        0     1                 
80200cf8 80200cf8        0     1                 
80200cfc 80200cfc        0     1                 
80200cfc 80200cfc        0     1                 
80200d02 80200d02        0     1                 
80200d02 80200d02        0     1                 
80200d04 80200d04        0     1                 
80200d08 80200d08        0     1                 
80200d0c 80200d0c        0     1                 
80200d0c 80200d0c        0     1                 
80200d0e 80200d0e        0     1                 
80200d0e 80200d0e        0     1                 
80200d10 80200d10        0     1                 
80200d14 80200d14        0     1                 
80200d14 80200d14        0     1                 
80200d18 80200d18        0     1                 
80200d18 80200d18        0     1                 
80200d1a 80200d1a        0     1                 
80200d1c 80200d1c        0     1                 .LBB3_14
80200d1c 80200d1c        0     1                 
80200d1c 80200d1c        0     1                 
80200d26 80200d26        0     1                 
80200d26 80200d26        0     1                 
80200d2a 80200d2a        0     1                 
80200d30 80200d30        0     1                 
80200d30 80200d30        0     1                 .LBB3_16
80200d30 80200d30        0     1                 
80200d38 80200d38        0     1                 
80200d38 80200d38        0     1                 
80200d3c 80200d3c        0     1                 
80200d3e 80200d3e        0     1                 
80200d42 80200d42        0     1                 .LBB3_17
80200d42 80200d42        0     1                 
80200d42 80200d42        0     1                 
80200d4a 80200d4a        0     1                 
80200d4a 80200d4a        0     1                 
80200d4e 80200d4e        0     1                 
80200d4e 80200d4e        0     1                 
80200d50 80200d50        0     1                 
80200d54 80200d54        0     1                 .LBB3_18
80200d54 80200d54        0     1                 
80200d56 80200d56        0     1                 
80200d56 80200d56        0     1                 .LBB3_19
80200d56 80200d56        0     1                 
80200d5a 80200d5a        0     1                 
80200d5e 80200d5e        0     1                 
80200d62 80200d62        0     1                 .LBB3_20
80200d62 80200d62        0     1                 
80200d62 80200d62        0     1                 
80200d64 80200d64        0     1                 
80200d64 80200d64        0     1                 
80200d68 80200d68        0     1                 
80200d6c 80200d6c        0     1                 
80200d74 80200d74        0     1                 
80200d74 80200d74        0     1                 
80200d7c 80200d7c        0     1                 
80200d82 80200d82        0     1                 
80200d82 80200d82        0     1                 
80200d88 80200d88        0     1                 .LBB3_21
80200d88 80200d88        0     1                 
80200d88 80200d88        0     1                 
80200d90 80200d90        0     1                 .LBB3_22
80200d90 80200d90        0     1                 
80200d90 80200d90        0     1                 
80200d94 80200d94        0     1                 
80200daa 80200daa        0     1                 
80200dae 80200dae        0     1                 
80200dae 80200dae        0     1                 
80200db0 80200db0      213     4 .rodata
80200db0 80200db0      213     1         <internal>:(.rodata.str1.1)
80200fc4 80200fc4    10380     4 .data
80200fc4 80200fc4    10380     1         shell.bin.o:(.data)
80200fc4 80200fc4        0     1                 _binary_shell_bin_start
80211344 80211344        0     1                 _binary_shell_bin_end
80211344 80211344        4     4 .sdata
80211344 80211344        4     4         /tmp/kernel-310fb7.o:(.sdata)
80211344 80211344        4     1                 alloc_pages.next_paddr
80211344 80211344        0     1                 $d.4
80211348 80211348    100a8     8 .bss
80211348 80211348        0     1         __bss = .
80211348 80211348       28     8         /tmp/kernel-310fb7.o:(.sbss)
80211348 80211348        0     1                 $d.3
80211348 80211348        4     1                 current_proc
8021134c 8021134c        4     1                 idle_proc
80211350 80211350        4     1                 blk_request_vq
80211358 80211358        8     1                 blk_capacity
80211360 80211360        4     1                 blk_req_paddr
80211364 80211364        4     1                 blk_req
80211368 80211368        4     1                 proc_a
8021136c 8021136c        4     1                 proc_b
80211370 80211370    10080     4         /tmp/kernel-310fb7.o:(.bss)
80211370 80211370        0     1                 $d.5
80211370 80211370    10080     1                 procs
802213f0 802213f0        0     1         __bss_end = .
802213f0 802213f0        0     1 . = ALIGN ( 4 )
802213f0 802213f0    20000     1 . += 128 * 1024
802413f0 802413f0        0     1 __stack_top = .
802413f0 802413f0      c10     1 . = ALIGN ( 4096 )
80242000 80242000        0     1 __free_ram = .
80242000 80242000  4000000     1 . += 64 * 1024 * 1024
84242000 84242000        0     1 __free_ram_end = .
       0        0     1262     1 .debug_loc
       0        0      fc0     1         /tmp/kernel-310fb7.o:(.debug_loc)
       0        0        0     1                 
       0        0        0     1                 $d.6
      1b       1b        0     1                 
      36       36        0     1                 
      51       51        0     1                 
      6e       6e        0     1                 
      96       96        0     1                 
      b3       b3        0     1                 
      d0       d0        0     1                 
     10c      10c        0     1                 
     129      129        0     1                 
     14f      14f        0     1                 
     175      175        0     1                 
     19b      19b        0     1                 
     1b6      1b6        0     1                 
     1dc      1dc        0     1                 
     223      223        0     1                 
     263      263        0     1                 
     28d      28d        0     1                 
     2b3      2b3        0     1                 
     2ce      2ce        0     1                 
     2eb      2eb        0     1                 
     353      353        0     1                 
     3d8      3d8        0     1                 
     3fe      3fe        0     1                 
     419      419        0     1                 
     434      434        0     1                 
     45a      45a        0     1                 
     496      496        0     1                 
     4b3      4b3        0     1                 
     4ef      4ef        0     1                 
     536      536        0     1                 
     572      572        0     1                 
     5ae      5ae        0     1                 
     5d4      5d4        0     1                 
     605      605        0     1                 
     620      620        0     1                 
     63b      63b        0     1                 
     661      661        0     1                 
     687      687        0     1                 
     774      774        0     1                 
     79b      79b        0     1                 
     7e4      7e4        0     1                 
     81b      81b        0     1                 
     841      841        0     1                 
     869      869        0     1                 
     89a      89a        0     1                 
     8b5      8b5        0     1                 
     8e7      8e7        0     1                 
     90d      90d        0     1                 
     928      928        0     1                 
     950      950        0     1                 
     976      976        0     1                 
     9a7      9a7        0     1                 
     9c2      9c2        0     1                 
     9f4      9f4        0     1                 
     a26      a26        0     1                 
     a4e      a4e        0     1                 
     a78      a78        0     1                 
     aa0      aa0        0     1                 
     ac6      ac6        0     1                 
     af7      af7        0     1                 
     b12      b12        0     1                 
     b2e      b2e        0     1                 
     b49      b49        0     1                 
     b88      b88        0     1                 
     ba6      ba6        0     1                 
     bc3      bc3        0     1                 
     c02      c02        0     1                 
     c20      c20        0     1                 
     c3d      c3d        0     1                 
     c7c      c7c        0     1                 
     c97      c97        0     1                 
     cb2      cb2        0     1                 
     ccd      ccd        0     1                 
     ce8      ce8        0     1                 
     d03      d03        0     1                 
     d1e      d1e        0     1                 
     d46      d46        0     1                 
     d6e      d6e        0     1                 
     d94      d94        0     1                 
     dc5      dc5        0     1                 
     de0      de0        0     1                 
     e06      e06        0     1                 
     e37      e37        0     1                 
     e5d      e5d        0     1                 
     e79      e79        0     1                 
     e9f      e9f        0     1                 
     ed0      ed0        0     1                 
     eeb      eeb        0     1                 
     f06      f06        0     1                 
     f21      f21        0     1                 
     f3c      f3c        0     1                 
     f6d      f6d        0     1                 
     f88      f88        0     1                 
     fa5      fa5        0     1                 
     fc0      fc0      2a2     1         /tmp/common-3f7683.o:(.debug_loc)
     fc0      fc0        0     1                 
     fc0      fc0        0     1                 $d.2
     fd3      fd3        0     1                 
    1007     1007        0     1                 
    101c     101c        0     1                 
    103a     103a        0     1                 
    1063     1063        0     1                 
    1099     1099        0     1                 
    10ac     10ac        0     1                 
    10ca     10ca        0     1                 
    10e8     10e8        0     1                 
    1106     1106        0     1                 
    1147     1147        0     1                 
    11c4     11c4        0     1                 
    11d7     11d7        0     1                 
    1237     1237        0     1                 
       0        0      46a     1 .debug_abbrev
       0        0      342     1         /tmp/kernel-310fb7.o:(.debug_abbrev)
       0        0        0     1                 $d.7
     342      342      128     1         /tmp/common-3f7683.o:(.debug_abbrev)
     342      342        0     1                 $d.3
       0        0     1b52     1 .debug_info
       0        0     1875     1         /tmp/kernel-310fb7.o:(.debug_info)
       0        0        0     1                 $d.8
    1875     1875      2dd     1         /tmp/common-3f7683.o:(.debug_info)
    1875     1875        0     1                 $d.4
       0        0      1a0     1 .debug_ranges
       0        0      188     1         /tmp/kernel-310fb7.o:(.debug_ranges)
       0        0        0     1                 
       0        0        0     1                 $d.9
      18       18        0     1                 
      30       30        0     1                 
      48       48        0     1                 
      60       60        0     1                 
      78       78        0     1                 
      a0       a0        0     1                 
      b8       b8        0     1                 
      d8       d8        0     1                 
      f0       f0        0     1                 
     110      110        0     1                 
     128      128        0     1                 
     140      140        0     1                 
     158      158        0     1                 
     170      170        0     1                 
     188      188       18     1         /tmp/common-3f7683.o:(.debug_ranges)
     188      188        0     1                 
     188      188        0     1                 $d.5
       0        0      556     1 .debug_str
       0        0      556     1         <internal>:(.debug_str)
       0        0       42     1 .comment
       0        0       42     1         <internal>:(.comment)
       0        0       2b     1 .riscv.attributes
       0        0       2b     1         <internal>:(.riscv.attributes)
       0        0      290     4 .debug_frame
       0        0      21c     4         /tmp/kernel-310fb7.o:(.debug_frame)
       0        0        0     1                 
       0        0        0     1                 $d.13
     21c      21c       74     4         /tmp/common-3f7683.o:(.debug_frame)
     21c      21c        0     1                 
     21c      21c        0     1                 $d.9
       0        0     116e     1 .debug_line
       0        0      de4     1         /tmp/kernel-310fb7.o:(.debug_line)
       0        0        0     1                 .Lline_table_start0
       0        0        0     1                 $d.14
     de4      de4      38a     1         /tmp/common-3f7683.o:(.debug_line)
     de4      de4        0     1                 .Lline_table_start0
     de4      de4        0     1                 $d.10
       0        0     5380     4 .symtab
       0        0     5380     4         <internal>:(.symtab)
       0        0       ad     1 .shstrtab
       0        0       ad     1         <internal>:(.shstrtab)
       0        0      2f6     1 .strtab
       0        0      2f6     1         <internal>:(.strtab)
