     VMA      LMA     Size Align Out     In      Symbol
       0        0  1000000     1 . = 0x1000000
 1000000  1000000      310     2 .text
 1000000  1000000        e     2         /tmp/user-a8d7fd.o:(.text.start)
 1000000  1000000        0     1                 
 1000000  1000000        0     1                 
 1000000  1000000        0     1                 $x.1
 1000000  1000000        0     1                 
 1000000  1000000        e     1                 start
 100000e  100000e        0     1                 
 100000e  100000e        0     1                 
 100000e  100000e       b6     2         /tmp/shell-304620.o:(.text)
 100000e  100000e        0     1                 
 100000e  100000e        0     1                 
 100000e  100000e        0     1                 $x.0
 100000e  100000e        0     1                 
 100000e  100000e       b6     1                 main
 1000028  1000028        0     1                 
 1000034  1000034        0     1                 
 1000034  1000034        0     1                 
 1000068  1000068        0     1                 .LBB0_1
 1000068  1000068        0     1                 
 1000068  1000068        0     1                 
 100006c  100006c        0     1                 .LBB0_2
 100006c  100006c        0     1                 
 100006c  100006c        0     1                 
 1000070  1000070        0     1                 
 1000070  1000070        0     1                 
 1000072  1000072        0     1                 
 1000074  1000074        0     1                 
 1000078  1000078        0     1                 
 100007a  100007a        0     1                 
 100007a  100007a        0     1                 
 1000080  1000080        0     1                 
 1000080  1000080        0     1                 .LBB0_3
 1000080  1000080        0     1                 
 1000084  1000084        0     1                 
 1000088  1000088        0     1                 
 100008c  100008c        0     1                 
 100008c  100008c        0     1                 
 100008e  100008e        0     1                 
 1000090  1000090        0     1                 
 1000094  1000094        0     1                 
 1000096  1000096        0     1                 
 1000096  1000096        0     1                 
 100009a  100009a        0     1                 
 100009a  100009a        0     1                 
 100009c  100009c        0     1                 
 10000a0  10000a0        0     1                 
 10000a0  10000a0        0     1                 
 10000a2  10000a2        0     1                 .LBB0_6
 10000a2  10000a2        0     1                 
 10000a2  10000a2        0     1                 
 10000a6  10000a6        0     1                 
 10000a6  10000a6        0     1                 
 10000aa  10000aa        0     1                 
 10000aa  10000aa        0     1                 
 10000b0  10000b0        0     1                 
 10000b0  10000b0        0     1                 
 10000b2  10000b2        0     1                 
 10000b2  10000b2        0     1                 
 10000b8  10000b8        0     1                 
 10000b8  10000b8        0     1                 
 10000ba  10000ba        0     1                 
 10000c0  10000c0        0     1                 
 10000c0  10000c0        0     1                 
 10000c2  10000c2        0     1                 .LBB0_9
 10000c2  10000c2        0     1                 
 10000c4  10000c4        0     1                 
 10000c4  10000c4        0     1                 
 10000c4  10000c4        0     1                 
 10000c4  10000c4       38     2         /tmp/user-a8d7fd.o:(.text)
 10000c4  10000c4        0     1                 
 10000c4  10000c4        0     1                 
 10000c4  10000c4        0     1                 $x.0
 10000c4  10000c4        0     1                 
 10000c4  10000c4        c     1                 putchar
 10000ce  10000ce        0     1                 
 10000d0  10000d0        0     1                 
 10000d0  10000d0        0     1                 
 10000d0  10000d0        0     1                 
 10000d0  10000d0       10     1                 syscall
 10000d2  10000d2        0     1                 
 10000de  10000de        0     1                 
 10000e0  10000e0        0     1                 
 10000e0  10000e0        0     1                 
 10000e0  10000e0        0     1                 
 10000e0  10000e0        e     1                 getchar
 10000ec  10000ec        0     1                 
 10000ee  10000ee        0     1                 
 10000ee  10000ee        0     1                 
 10000ee  10000ee        0     1                 
 10000ee  10000ee        e     1                 exit
 10000fa  10000fa        0     1                 .LBB3_1
 10000fa  10000fa        0     1                 
 10000fc  10000fc        0     1                 
 10000fc  10000fc        0     1                 
 10000fc  10000fc      214     2         /tmp/common-86b35b.o:(.text)
 10000fc  10000fc        0     1                 
 10000fc  10000fc        0     1                 
 10000fc  10000fc        0     1                 $x.0
 10000fc  10000fc        0     1                 
 10000fc  10000fc       1c     1                 memcpy
 1000100  1000100        0     1                 
 1000100  1000100        0     1                 
 1000102  1000102        0     1                 
 1000102  1000102        0     1                 .LBB0_2
 1000102  1000102        0     1                 
 1000106  1000106        0     1                 
 1000108  1000108        0     1                 
 100010c  100010c        0     1                 
 100010c  100010c        0     1                 
 1000110  1000110        0     1                 
 1000112  1000112        0     1                 
 1000112  1000112        0     1                 
 1000116  1000116        0     1                 .LBB0_3
 1000116  1000116        0     1                 
 1000116  1000116        0     1                 
 1000118  1000118        0     1                 
 1000118  1000118        0     1                 
 1000118  1000118        0     1                 
 1000118  1000118        0     1                 
 1000118  1000118        0     1                 
 1000118  1000118       24     1                 strcpy
 100011e  100011e        0     1                 
 1000122  1000122        0     1                 
 1000122  1000122        0     1                 
 1000124  1000124        0     1                 
 1000124  1000124        0     1                 .LBB1_2
 1000124  1000124        0     1                 
 1000128  1000128        0     1                 
 100012c  100012c        0     1                 
 1000130  1000130        0     1                 
 1000130  1000130        0     1                 
 1000132  1000132        0     1                 
 1000132  1000132        0     1                 
 1000134  1000134        0     1                 
 1000136  1000136        0     1                 .LBB1_3
 1000136  1000136        0     1                 
 1000136  1000136        0     1                 
 100013a  100013a        0     1                 
 100013c  100013c        0     1                 
 100013c  100013c        0     1                 
 100013c  100013c        0     1                 
 100013c  100013c        0     1                 
 100013c  100013c        0     1                 
 100013c  100013c       2e     1                 strcmp
 1000140  1000140        0     1                 
 1000142  1000142        0     1                 
 1000144  1000144        0     1                 
 1000144  1000144        0     1                 .LBB2_2
 1000144  1000144        0     1                 
 100014c  100014c        0     1                 
 1000150  1000150        0     1                 
 1000150  1000150        0     1                 
 1000154  1000154        0     1                 
 1000156  1000156        0     1                 
 1000158  1000158        0     1                 
 100015a  100015a        0     1                 .LBB2_4
 100015a  100015a        0     1                 
 1000160  1000160        0     1                 .LBB2_5
 1000160  1000160        0     1                 
 1000160  1000160        0     1                 
 1000162  1000162        0     1                 .LBB2_6
 1000162  1000162        0     1                 
 1000162  1000162        0     1                 
 1000166  1000166        0     1                 
 1000166  1000166        0     1                 
 1000168  1000168        0     1                 
 100016a  100016a        0     1                 
 100016a  100016a        0     1                 
 100016a  100016a        0     1                 
 100016a  100016a        0     1                 
 100016a  100016a        0     1                 
 100016a  100016a      1a6     1                 printf
 1000188  1000188        0     1                 
 1000198  1000198        0     1                 
 10001c0  10001c0        0     1                 .LBB3_1
 10001c0  10001c0        0     1                 
 10001c4  10001c4        0     1                 .LBB3_2
 10001c4  10001c4        0     1                 
 10001c6  10001c6        0     1                 .LBB3_3
 10001c6  10001c6        0     1                 
 10001ca  10001ca        0     1                 
 10001d2  10001d2        0     1                 .LBB3_5
 10001d2  10001d2        0     1                 
 10001d4  10001d4        0     1                 
 10001d4  10001d4        0     1                 
 10001d6  10001d6        0     1                 
 10001d8  10001d8        0     1                 .LBB3_6
 10001d8  10001d8        0     1                 
 10001dc  10001dc        0     1                 
 10001de  10001de        0     1                 
 10001ee  10001ee        0     1                 
 10001ee  10001ee        0     1                 
 10001fa  10001fa        0     1                 
 10001fa  10001fa        0     1                 
 10001fe  10001fe        0     1                 
 10001fe  10001fe        0     1                 
 1000200  1000200        0     1                 
 1000206  1000206        0     1                 .LBB3_11
 1000206  1000206        0     1                 
 1000206  1000206        0     1                 
 100020e  100020e        0     1                 
 100020e  100020e        0     1                 
 1000218  1000218        0     1                 
 1000218  1000218        0     1                 
 100021c  100021c        0     1                 
 100021c  100021c        0     1                 
 100021e  100021e        0     1                 
 1000222  1000222        0     1                 
 1000224  1000224        0     1                 
 1000224  1000224        0     1                 
 100022a  100022a        0     1                 
 100022a  100022a        0     1                 
 100022c  100022c        0     1                 
 1000230  1000230        0     1                 
 1000232  1000232        0     1                 
 1000232  1000232        0     1                 
 1000238  1000238        0     1                 
 1000238  1000238        0     1                 
 100023a  100023a        0     1                 
 100023e  100023e        0     1                 
 1000240  1000240        0     1                 
 1000240  1000240        0     1                 
 1000246  1000246        0     1                 
 1000246  1000246        0     1                 
 1000248  1000248        0     1                 
 100024c  100024c        0     1                 
 100024e  100024e        0     1                 
 100024e  100024e        0     1                 
 1000254  1000254        0     1                 
 1000254  1000254        0     1                 
 1000256  1000256        0     1                 
 100025a  100025a        0     1                 
 100025c  100025c        0     1                 
 100025c  100025c        0     1                 
 1000262  1000262        0     1                 
 1000262  1000262        0     1                 
 1000264  1000264        0     1                 
 1000268  1000268        0     1                 
 100026a  100026a        0     1                 
 100026a  100026a        0     1                 
 1000270  1000270        0     1                 
 1000270  1000270        0     1                 
 1000272  1000272        0     1                 
 1000276  1000276        0     1                 
 1000278  1000278        0     1                 
 1000278  1000278        0     1                 
 100027a  100027a        0     1                 
 100027a  100027a        0     1                 
 100027c  100027c        0     1                 
 1000280  1000280        0     1                 
 1000280  1000280        0     1                 
 1000282  1000282        0     1                 
 1000282  1000282        0     1                 
 1000284  1000284        0     1                 
 1000286  1000286        0     1                 .LBB3_14
 1000286  1000286        0     1                 
 1000286  1000286        0     1                 
 1000290  1000290        0     1                 
 1000290  1000290        0     1                 
 1000294  1000294        0     1                 
 100029a  100029a        0     1                 
 100029a  100029a        0     1                 .LBB3_16
 100029a  100029a        0     1                 
 10002a0  10002a0        0     1                 
 10002a0  10002a0        0     1                 
 10002a4  10002a4        0     1                 
 10002a6  10002a6        0     1                 
 10002aa  10002aa        0     1                 .LBB3_17
 10002aa  10002aa        0     1                 
 10002aa  10002aa        0     1                 
 10002b0  10002b0        0     1                 
 10002b0  10002b0        0     1                 
 10002b4  10002b4        0     1                 
 10002b4  10002b4        0     1                 
 10002b6  10002b6        0     1                 
 10002ba  10002ba        0     1                 .LBB3_18
 10002ba  10002ba        0     1                 
 10002bc  10002bc        0     1                 
 10002bc  10002bc        0     1                 .LBB3_19
 10002bc  10002bc        0     1                 
 10002c0  10002c0        0     1                 
 10002c4  10002c4        0     1                 
 10002c8  10002c8        0     1                 .LBB3_20
 10002c8  10002c8        0     1                 
 10002c8  10002c8        0     1                 
 10002ca  10002ca        0     1                 
 10002ca  10002ca        0     1                 
 10002ce  10002ce        0     1                 
 10002d2  10002d2        0     1                 
 10002d8  10002d8        0     1                 
 10002d8  10002d8        0     1                 
 10002e0  10002e0        0     1                 
 10002e6  10002e6        0     1                 
 10002e6  10002e6        0     1                 
 10002ec  10002ec        0     1                 .LBB3_21
 10002ec  10002ec        0     1                 
 10002ec  10002ec        0     1                 
 10002f2  10002f2        0     1                 .LBB3_22
 10002f2  10002f2        0     1                 
 10002f2  10002f2        0     1                 
 10002f6  10002f6        0     1                 
 100030c  100030c        0     1                 
 1000310  1000310        0     1                 
 1000310  1000310        0     1                 
 1000310  1000310       66     4 .rodata
 1000310  1000310       66     1         <internal>:(.rodata.str1.1)
 1000378  1000378    10008     4 .bss
 1000378  1000378        8     1         . = ALIGN ( 16 )
 1000380  1000380    10000     1         . += 64 * 1024
 1010380  1010380        0     1         __stack_top = .
 1010380  1010380        0     1         
       0        0      4ae     1 .debug_loc
       0        0       66     1         /tmp/shell-304620.o:(.debug_loc)
       0        0        0     1                 
       0        0        0     1                 $d.2
      48       48        0     1                 
      66       66      1a6     1         /tmp/user-a8d7fd.o:(.debug_loc)
      66       66        0     1                 
      66       66        0     1                 $d.2
      81       81        0     1                 
      b2       b2        0     1                 
      d8       d8        0     1                 
      fe       fe        0     1                 
     124      124        0     1                 
     14a      14a        0     1                 
     170      170        0     1                 
     196      196        0     1                 
     1c7      1c7        0     1                 
     1ef      1ef        0     1                 
     20c      20c      2a2     1         /tmp/common-86b35b.o:(.debug_loc)
     20c      20c        0     1                 
     20c      20c        0     1                 $d.2
     21f      21f        0     1                 
     253      253        0     1                 
     268      268        0     1                 
     286      286        0     1                 
     2af      2af        0     1                 
     2e5      2e5        0     1                 
     2f8      2f8        0     1                 
     316      316        0     1                 
     334      334        0     1                 
     352      352        0     1                 
     393      393        0     1                 
     410      410        0     1                 
     423      423        0     1                 
     483      483        0     1                 
       0        0      342     1 .debug_abbrev
       0        0      103     1         /tmp/shell-304620.o:(.debug_abbrev)
       0        0        0     1                 $d.3
     103      103      117     1         /tmp/user-a8d7fd.o:(.debug_abbrev)
     103      103        0     1                 $d.3
     21a      21a      128     1         /tmp/common-86b35b.o:(.debug_abbrev)
     21a      21a        0     1                 $d.3
       0        0      714     1 .debug_info
       0        0      220     1         /tmp/shell-304620.o:(.debug_info)
       0        0        0     1                 $d.4
     220      220      217     1         /tmp/user-a8d7fd.o:(.debug_info)
     220      220        0     1                 $d.4
     437      437      2dd     1         /tmp/common-86b35b.o:(.debug_info)
     437      437        0     1                 $d.4
       0        0      175     1 .debug_str
       0        0      175     1         <internal>:(.debug_str)
       0        0       42     1 .comment
       0        0       42     1         <internal>:(.comment)
       0        0       2b     1 .riscv.attributes
       0        0       2b     1         <internal>:(.riscv.attributes)
       0        0      11c     4 .debug_frame
       0        0       44     4         /tmp/shell-304620.o:(.debug_frame)
       0        0        0     1                 
       0        0        0     1                 $d.8
      44       44       64     4         /tmp/user-a8d7fd.o:(.debug_frame)
      44       44        0     1                 
      44       44        0     1                 $d.9
      a8       a8       74     4         /tmp/common-86b35b.o:(.debug_frame)
      a8       a8        0     1                 
      a8       a8        0     1                 $d.9
       0        0      527     1 .debug_line
       0        0      116     1         /tmp/shell-304620.o:(.debug_line)
       0        0        0     1                 .Lline_table_start0
       0        0        0     1                 $d.9
     116      116       87     1         /tmp/user-a8d7fd.o:(.debug_line)
     116      116        0     1                 .Lline_table_start0
     116      116        0     1                 $d.10
     19d      19d      38a     1         /tmp/common-86b35b.o:(.debug_line)
     19d      19d        0     1                 .Lline_table_start0
     19d      19d        0     1                 $d.10
       0        0       30     1 .debug_ranges
       0        0       18     1         /tmp/user-a8d7fd.o:(.debug_ranges)
       0        0        0     1                 
       0        0        0     1                 $d.5
      18       18       18     1         /tmp/common-86b35b.o:(.debug_ranges)
      18       18        0     1                 
      18       18        0     1                 $d.5
       0        0     1950     4 .symtab
       0        0     1950     4         <internal>:(.symtab)
       0        0       a0     1 .shstrtab
       0        0       a0     1         <internal>:(.shstrtab)
       0        0      10b     1 .strtab
       0        0      10b     1         <internal>:(.strtab)
